2026-03-30 14:23:12 [INFO] [c.j.backend.BackendApplication] - Starting BackendApplication using Java 24.0.2 with PID 380 (D:\r\backend\target\classes started by LAKSHITHA4 in D:\r\backend)
2026-03-30 14:23:12 [INFO] [c.j.backend.BackendApplication] - No active profile set, falling back to 1 default profile: "default"
2026-03-30 14:23:12 [INFO] [o.s.b.d.e.DevToolsPropertyDefaultsPostProcessor] - Devtools property defaults active! Set 'spring.devtools.add-properties' to 'false' to disable
2026-03-30 14:23:12 [INFO] [o.s.b.d.e.DevToolsPropertyDefaultsPostProcessor] - For additional web related logging consider setting the 'logging.level.web' property to 'DEBUG'
2026-03-30 14:23:13 [INFO] [o.s.d.r.c.RepositoryConfigurationDelegate] - Bootstrapping Spring Data MongoDB repositories in DEFAULT mode.
2026-03-30 14:23:13 [INFO] [o.s.d.r.c.RepositoryConfigurationDelegate] - Finished Spring Data repository scanning in 64 ms. Found 1 MongoDB repository interface.
2026-03-30 14:23:13 [INFO] [o.s.boot.tomcat.TomcatWebServer] - Tomcat initialized with port 8080 (http)
2026-03-30 14:23:13 [INFO] [o.a.coyote.http11.Http11NioProtocol] - Initializing ProtocolHandler ["http-nio-8080"]
2026-03-30 14:23:13 [INFO] [o.a.catalina.core.StandardService] - Starting service [Tomcat]
2026-03-30 14:23:13 [INFO] [o.a.catalina.core.StandardEngine] - Starting Servlet engine: [Apache Tomcat/11.0.18]
2026-03-30 14:23:13 [INFO] [o.s.b.w.c.s.WebApplicationContextInitializer] - Root WebApplicationContext: initialization completed in 1465 ms
2026-03-30 14:23:13 [INFO] [org.mongodb.driver.client] - MongoClient with metadata {"driver": {"name": "mongo-java-driver|spring-boot|sync", "version": "5.6.3"}, "os": {"type": "Windows", "name": "Windows 11", "architecture": "amd64", "version": "10.0"}, "platform": "Java/Oracle Corporation/24.0.2+12-54"} created with settings MongoClientSettings{readPreference=primary, writeConcern=WriteConcern{w=null, wTimeout=null ms, journal=null}, retryWrites=true, retryReads=true, readConcern=ReadConcern{level=null}, credential=null, transportSettings=null, commandListeners=[], codecRegistry=ProvidersCodecRegistry{codecProviders=[ValueCodecProvider{}, BsonValueCodecProvider{}, DBRefCodecProvider{}, DBObjectCodecProvider{}, DocumentCodecProvider{}, CollectionCodecProvider{}, IterableCodecProvider{}, MapCodecProvider{}, GeoJsonCodecProvider{}, GridFSFileCodecProvider{}, Jsr310CodecProvider{}, JsonObjectCodecProvider{}, BsonCodecProvider{}, com.mongodb.client.model.mql.ExpressionCodecProvider@48c3e02d, com.mongodb.Jep395RecordCodecProvider@4e4e5540, com.mongodb.KotlinCodecProvider@10472b5f, EnumCodecProvider{}]}, loggerSettings=LoggerSettings{maxDocumentLength=1000}, clusterSettings={hosts=[localhost:27017], srvServiceName=mongodb, mode=SINGLE, requiredClusterType=UNKNOWN, requiredReplicaSetName='null', serverSelector='null', clusterListeners='[]', serverSelectionTimeout='30000 ms', localThreshold='15 ms'}, socketSettings=SocketSettings{connectTimeoutMS=10000, readTimeoutMS=0, receiveBufferSize=0, proxySettings=ProxySettings{host=null, port=null, username=null, password=null}}, heartbeatSocketSettings=SocketSettings{connectTimeoutMS=10000, readTimeoutMS=10000, receiveBufferSize=0, proxySettings=ProxySettings{host=null, port=null, username=null, password=null}}, connectionPoolSettings=ConnectionPoolSettings{maxSize=100, minSize=0, maxWaitTimeMS=120000, maxConnectionLifeTimeMS=0, maxConnectionIdleTimeMS=0, maintenanceInitialDelayMS=0, maintenanceFrequencyMS=60000, connectionPoolListeners=[], maxConnecting=2}, serverSettings=ServerSettings{heartbeatFrequencyMS=10000, minHeartbeatFrequencyMS=500, serverMonitoringMode=AUTO, serverListeners='[]', serverMonitorListeners='[]'}, sslSettings=SslSettings{enabled=false, invalidHostNameAllowed=false, context=null}, applicationName='null', compressorList=[], uuidRepresentation=UNSPECIFIED, serverApi=null, autoEncryptionSettings=null, dnsClient=null, inetAddressResolver=null, contextProvider=null, timeoutMS=null}
2026-03-30 14:23:13 [INFO] [org.mongodb.driver.cluster] - Monitor thread successfully connected to server with description ServerDescription{address=localhost:27017, type=STANDALONE, cryptd=false, state=CONNECTED, ok=true, minWireVersion=0, maxWireVersion=27, maxDocumentSize=16777216, logicalSessionTimeoutMinutes=30, roundTripTimeNanos=21615300, minRoundTripTimeNanos=0}
2026-03-30 14:23:14 [INFO] [o.a.coyote.http11.Http11NioProtocol] - Starting ProtocolHandler ["http-nio-8080"]
2026-03-30 14:23:14 [INFO] [o.s.boot.tomcat.TomcatWebServer] - Tomcat started on port 8080 (http) with context path '/'
2026-03-30 14:23:14 [INFO] [c.j.backend.BackendApplication] - Started BackendApplication in 3.078 seconds (process running for 4.286)
2026-03-30 14:23:43 [INFO] [o.a.c.c.C.[Tomcat].[localhost].[/]] - Initializing Spring DispatcherServlet 'dispatcherServlet'
2026-03-30 14:23:43 [INFO] [o.s.web.servlet.DispatcherServlet] - Initializing Servlet 'dispatcherServlet'
2026-03-30 14:23:43 [INFO] [o.s.web.servlet.DispatcherServlet] - Completed initialization in 2 ms
2026-03-30 14:23:44 [INFO] [c.j.b.controller.CandidateController] - Fetching all candidates
2026-03-30 14:23:44 [INFO] [c.j.b.controller.CandidateController] - Search request: keyword=null, location=null, city=null, subLocality=null
2026-03-30 14:23:44 [INFO] [c.j.backend.service.SearchService] - Search started | keyword=null, location=null, city=null, subLocality=null
2026-03-30 14:23:44 [INFO] [c.j.backend.service.SearchService] - Base candidates fetched: 48
2026-03-30 14:23:44 [INFO] [c.j.backend.service.SearchService] - Final filtered candidates count: 48
2026-03-30 14:23:44 [INFO] [c.j.b.controller.CandidateController] - Fetching all candidates
2026-03-30 14:23:44 [INFO] [c.j.b.controller.CandidateController] - Search request: keyword=null, location=null, city=null, subLocality=null
2026-03-30 14:23:44 [INFO] [c.j.backend.service.SearchService] - Search started | keyword=null, location=null, city=null, subLocality=null
2026-03-30 14:23:44 [INFO] [c.j.backend.service.SearchService] - Base candidates fetched: 48
2026-03-30 14:23:44 [INFO] [c.j.backend.service.SearchService] - Final filtered candidates count: 48
2026-03-30 14:23:51 [INFO] [c.j.b.controller.CandidateController] - Search request: keyword=j, location=null, city=null, subLocality=null
2026-03-30 14:23:51 [INFO] [c.j.backend.service.SearchService] - Search started | keyword=j, location=null, city=null, subLocality=null
2026-03-30 14:23:51 [INFO] [c.j.backend.service.SearchService] - Base candidates fetched: 18
2026-03-30 14:23:51 [INFO] [c.j.backend.service.SearchService] - Final filtered candidates count: 18
2026-03-30 14:23:51 [INFO] [c.j.b.controller.CandidateController] - Search request: keyword=ja, location=null, city=null, subLocality=null
2026-03-30 14:23:51 [INFO] [c.j.backend.service.SearchService] - Search started | keyword=ja, location=null, city=null, subLocality=null
2026-03-30 14:23:51 [INFO] [c.j.backend.service.SearchService] - Base candidates fetched: 10
2026-03-30 14:23:51 [INFO] [c.j.backend.service.SearchService] - Final filtered candidates count: 10
2026-03-30 14:23:51 [INFO] [c.j.b.controller.CandidateController] - Search request: keyword=jav, location=null, city=null, subLocality=null
2026-03-30 14:23:51 [INFO] [c.j.backend.service.SearchService] - Search started | keyword=jav, location=null, city=null, subLocality=null
2026-03-30 14:23:51 [INFO] [c.j.backend.service.SearchService] - Base candidates fetched: 9
2026-03-30 14:23:51 [INFO] [c.j.backend.service.SearchService] - Final filtered candidates count: 9
2026-03-30 14:23:52 [INFO] [c.j.b.controller.CandidateController] - Search request: keyword=java, location=null, city=null, subLocality=null
2026-03-30 14:23:52 [INFO] [c.j.backend.service.SearchService] - Search started | keyword=java, location=null, city=null, subLocality=null
2026-03-30 14:23:52 [INFO] [c.j.backend.service.SearchService] - Base candidates fetched: 9
2026-03-30 14:23:52 [INFO] [c.j.backend.service.SearchService] - Final filtered candidates count: 9
2026-03-30 14:23:52 [INFO] [c.j.b.controller.CandidateController] - Fetching suggestions for query: java
2026-03-30 14:23:52 [INFO] [c.j.backend.service.SearchService] - Fetching suggestions for query: java
2026-03-30 14:23:52 [INFO] [c.j.backend.service.SearchService] - Suggestions count: 4
2026-03-30 14:23:53 [INFO] [c.j.b.controller.CandidateController] - Search request: keyword=java, location=null, city=null, subLocality=null
2026-03-30 14:23:53 [INFO] [c.j.backend.service.SearchService] - Search started | keyword=java, location=null, city=null, subLocality=null
2026-03-30 14:23:53 [INFO] [c.j.backend.service.SearchService] - Base candidates fetched: 9
2026-03-30 14:23:53 [INFO] [c.j.backend.service.SearchService] - Final filtered candidates count: 9
2026-03-30 14:23:53 [INFO] [c.j.b.controller.CandidateController] - Fetching suggestions for query: java 
2026-03-30 14:23:53 [INFO] [c.j.backend.service.SearchService] - Fetching suggestions for query: java 
2026-03-30 14:23:53 [INFO] [c.j.backend.service.SearchService] - Suggestions count: 4
2026-03-30 14:23:54 [INFO] [c.j.b.controller.CandidateController] - Search request: keyword=java, location=null, city=null, subLocality=null
2026-03-30 14:23:54 [INFO] [c.j.backend.service.SearchService] - Search started | keyword=java, location=null, city=null, subLocality=null
2026-03-30 14:23:54 [INFO] [c.j.backend.service.SearchService] - Base candidates fetched: 9
2026-03-30 14:23:54 [INFO] [c.j.backend.service.SearchService] - Final filtered candidates count: 9
2026-03-30 14:23:57 [INFO] [c.j.b.controller.CandidateController] - Search request: keyword=java, location=null, city=null, subLocality=null
2026-03-30 14:23:57 [INFO] [c.j.backend.service.SearchService] - Search started | keyword=java, location=null, city=null, subLocality=null
2026-03-30 14:23:57 [INFO] [c.j.backend.service.SearchService] - Base candidates fetched: 9
2026-03-30 14:23:57 [INFO] [c.j.backend.service.SearchService] - Final filtered candidates count: 9
2026-03-30 14:23:57 [INFO] [c.j.b.controller.CandidateController] - Search request: keyword=java, location=null, city=null, subLocality=null
2026-03-30 14:23:57 [INFO] [c.j.backend.service.SearchService] - Search started | keyword=java, location=null, city=null, subLocality=null
2026-03-30 14:23:57 [INFO] [c.j.backend.service.SearchService] - Base candidates fetched: 9
2026-03-30 14:23:57 [INFO] [c.j.backend.service.SearchService] - Final filtered candidates count: 9
2026-03-30 14:23:57 [INFO] [c.j.b.controller.CandidateController] - Search request: keyword=java, location=null, city=null, subLocality=null
2026-03-30 14:23:57 [INFO] [c.j.backend.service.SearchService] - Search started | keyword=java, location=null, city=null, subLocality=null
2026-03-30 14:23:57 [INFO] [c.j.backend.service.SearchService] - Base candidates fetched: 9
2026-03-30 14:23:57 [INFO] [c.j.backend.service.SearchService] - Final filtered candidates count: 9
2026-03-30 14:23:58 [INFO] [c.j.b.controller.CandidateController] - Fetching suggestions for query: mon
2026-03-30 14:23:58 [INFO] [c.j.backend.service.SearchService] - Fetching suggestions for query: mon
2026-03-30 14:23:58 [INFO] [c.j.backend.service.SearchService] - Suggestions count: 1
2026-03-30 14:24:00 [INFO] [c.j.b.controller.CandidateController] - Search request: keyword=java, location=null, city=null, subLocality=null
2026-03-30 14:24:00 [INFO] [c.j.backend.service.SearchService] - Search started | keyword=java, location=null, city=null, subLocality=null
2026-03-30 14:24:00 [INFO] [c.j.backend.service.SearchService] - Base candidates fetched: 9
2026-03-30 14:24:00 [INFO] [c.j.backend.service.SearchService] - Final filtered candidates count: 9
2026-03-30 14:24:11 [INFO] [c.j.b.controller.CandidateController] - Search request: keyword=java, location=null, city=null, subLocality=null
2026-03-30 14:24:11 [INFO] [c.j.backend.service.SearchService] - Search started | keyword=java, location=null, city=null, subLocality=null
2026-03-30 14:24:11 [INFO] [c.j.backend.service.SearchService] - Base candidates fetched: 9
2026-03-30 14:24:11 [INFO] [c.j.backend.service.SearchService] - Final filtered candidates count: 9
2026-03-30 14:24:21 [INFO] [c.j.b.controller.CandidateController] - Search request: keyword=java, location=null, city=null, subLocality=null
2026-03-30 14:24:21 [INFO] [c.j.backend.service.SearchService] - Search started | keyword=java, location=null, city=null, subLocality=null
2026-03-30 14:24:21 [INFO] [c.j.backend.service.SearchService] - Base candidates fetched: 9
2026-03-30 14:24:21 [INFO] [c.j.backend.service.SearchService] - Final filtered candidates count: 9
2026-03-30 14:24:24 [INFO] [c.j.b.controller.CandidateController] - Search request: keyword=java, location=null, city=null, subLocality=null
2026-03-30 14:24:24 [INFO] [c.j.backend.service.SearchService] - Search started | keyword=java, location=null, city=null, subLocality=null
2026-03-30 14:24:24 [INFO] [c.j.backend.service.SearchService] - Base candidates fetched: 9
2026-03-30 14:24:24 [INFO] [c.j.backend.service.SearchService] - Final filtered candidates count: 9
